Archive member included to satisfy reference by file (symbol)

c:/st/stm32cubeide_1.6.0/stm32cubeide/plugins/com.st.stm32cube.ide.mcu.externaltools.gnu-tools-for-stm32.9-2020-q2-update.win32_1.5.0.202011040924/tools/bin/../lib/gcc/arm-none-eabi/9.3.1/../../../../arm-none-eabi/lib/thumb/v7e-m+fp/hard\libc_nano.a(lib_a-errno.o)
                              Core/Src/syscalls.o (__errno)
c:/st/stm32cubeide_1.6.0/stm32cubeide/plugins/com.st.stm32cube.ide.mcu.externaltools.gnu-tools-for-stm32.9-2020-q2-update.win32_1.5.0.202011040924/tools/bin/../lib/gcc/arm-none-eabi/9.3.1/../../../../arm-none-eabi/lib/thumb/v7e-m+fp/hard\libc_nano.a(lib_a-exit.o)
                              c:/st/stm32cubeide_1.6.0/stm32cubeide/plugins/com.st.stm32cube.ide.mcu.externaltools.gnu-tools-for-stm32.9-2020-q2-update.win32_1.5.0.202011040924/tools/bin/../lib/gcc/arm-none-eabi/9.3.1/../../../../arm-none-eabi/lib/thumb/v7e-m+fp/hard/crt0.o (exit)
c:/st/stm32cubeide_1.6.0/stm32cubeide/plugins/com.st.stm32cube.ide.mcu.externaltools.gnu-tools-for-stm32.9-2020-q2-update.win32_1.5.0.202011040924/tools/bin/../lib/gcc/arm-none-eabi/9.3.1/../../../../arm-none-eabi/lib/thumb/v7e-m+fp/hard\libc_nano.a(lib_a-impure.o)
                              c:/st/stm32cubeide_1.6.0/stm32cubeide/plugins/com.st.stm32cube.ide.mcu.externaltools.gnu-tools-for-stm32.9-2020-q2-update.win32_1.5.0.202011040924/tools/bin/../lib/gcc/arm-none-eabi/9.3.1/../../../../arm-none-eabi/lib/thumb/v7e-m+fp/hard\libc_nano.a(lib_a-exit.o) (_global_impure_ptr)
c:/st/stm32cubeide_1.6.0/stm32cubeide/plugins/com.st.stm32cube.ide.mcu.externaltools.gnu-tools-for-stm32.9-2020-q2-update.win32_1.5.0.202011040924/tools/bin/../lib/gcc/arm-none-eabi/9.3.1/../../../../arm-none-eabi/lib/thumb/v7e-m+fp/hard\libc_nano.a(lib_a-init.o)
                              c:/st/stm32cubeide_1.6.0/stm32cubeide/plugins/com.st.stm32cube.ide.mcu.externaltools.gnu-tools-for-stm32.9-2020-q2-update.win32_1.5.0.202011040924/tools/bin/../lib/gcc/arm-none-eabi/9.3.1/../../../../arm-none-eabi/lib/thumb/v7e-m+fp/hard/crt0.o (__libc_init_array)
c:/st/stm32cubeide_1.6.0/stm32cubeide/plugins/com.st.stm32cube.ide.mcu.externaltools.gnu-tools-for-stm32.9-2020-q2-update.win32_1.5.0.202011040924/tools/bin/../lib/gcc/arm-none-eabi/9.3.1/../../../../arm-none-eabi/lib/thumb/v7e-m+fp/hard\libc_nano.a(lib_a-memset.o)
                              c:/st/stm32cubeide_1.6.0/stm32cubeide/plugins/com.st.stm32cube.ide.mcu.externaltools.gnu-tools-for-stm32.9-2020-q2-update.win32_1.5.0.202011040924/tools/bin/../lib/gcc/arm-none-eabi/9.3.1/../../../../arm-none-eabi/lib/thumb/v7e-m+fp/hard/crt0.o (memset)
c:/st/stm32cubeide_1.6.0/stm32cubeide/plugins/com.st.stm32cube.ide.mcu.externaltools.gnu-tools-for-stm32.9-2020-q2-update.win32_1.5.0.202011040924/tools/bin/../lib/gcc/arm-none-eabi/9.3.1/thumb/v7e-m+fp/hard\libgcc.a(_aeabi_uldivmod.o)
                              Drivers/STM32F4xx_HAL_Driver/Src/stm32f4xx_hal_rcc.o (__aeabi_uldivmod)
c:/st/stm32cubeide_1.6.0/stm32cubeide/plugins/com.st.stm32cube.ide.mcu.externaltools.gnu-tools-for-stm32.9-2020-q2-update.win32_1.5.0.202011040924/tools/bin/../lib/gcc/arm-none-eabi/9.3.1/thumb/v7e-m+fp/hard\libgcc.a(_udivmoddi4.o)
                              c:/st/stm32cubeide_1.6.0/stm32cubeide/plugins/com.st.stm32cube.ide.mcu.externaltools.gnu-tools-for-stm32.9-2020-q2-update.win32_1.5.0.202011040924/tools/bin/../lib/gcc/arm-none-eabi/9.3.1/thumb/v7e-m+fp/hard\libgcc.a(_aeabi_uldivmod.o) (__udivmoddi4)
c:/st/stm32cubeide_1.6.0/stm32cubeide/plugins/com.st.stm32cube.ide.mcu.externaltools.gnu-tools-for-stm32.9-2020-q2-update.win32_1.5.0.202011040924/tools/bin/../lib/gcc/arm-none-eabi/9.3.1/thumb/v7e-m+fp/hard\libgcc.a(_dvmd_tls.o)
                              c:/st/stm32cubeide_1.6.0/stm32cubeide/plugins/com.st.stm32cube.ide.mcu.externaltools.gnu-tools-for-stm32.9-2020-q2-update.win32_1.5.0.202011040924/tools/bin/../lib/gcc/arm-none-eabi/9.3.1/thumb/v7e-m+fp/hard\libgcc.a(_aeabi_uldivmod.o) (__aeabi_ldiv0)

Allocating common symbols
Common symbol       size              file

htim4               0x48              Core/Src/main.o
txData              0x14              Core/Src/main.o
uwTick              0x4               Drivers/STM32F4xx_HAL_Driver/Src/stm32f4xx_hal.o
pFlash              0x20              Drivers/STM32F4xx_HAL_Driver/Src/stm32f4xx_hal_flash.o
htim3               0x48              Core/Src/main.o
hdma_usart2_tx      0x60              Core/Src/main.o
htim2               0x48              Core/Src/main.o
huart2              0x44              Core/Src/main.o
htim7               0x48              Core/Src/main.o

Discarded input sections

 .text          0x0000000000000000        0x0 c:/st/stm32cubeide_1.6.0/stm32cubeide/plugins/com.st.stm32cube.ide.mcu.externaltools.gnu-tools-for-stm32.9-2020-q2-update.win32_1.5.0.202011040924/tools/bin/../lib/gcc/arm-none-eabi/9.3.1/thumb/v7e-m+fp/hard/crti.o
[...]
Memory Configuration

Name             Origin             Length             Attributes
RAM              0x0000000020000000 0x0000000000020000 xrw
FLASH            0x0000000008000000 0x0000000000080000 xr
*default*        0x0000000000000000 0xffffffffffffffff

Linker script and memory map

LOAD c:/st/stm32cubeide_1.6.0/stm32cubeide/plugins/com.st.stm32cube.ide.mcu.externaltools.gnu-tools-for-stm32.9-2020-q2-update.win32_1.5.0.202011040924/tools/bin/../lib/gcc/arm-none-eabi/9.3.1/thumb/v7e-m+fp/hard/crti.o
LOAD c:/st/stm32cubeide_1.6.0/stm32cubeide/plugins/com.st.stm32cube.ide.mcu.externaltools.gnu-tools-for-stm32.9-2020-q2-update.win32_1.5.0.202011040924/tools/bin/../lib/gcc/arm-none-eabi/9.3.1/thumb/v7e-m+fp/hard/crtbegin.o
LOAD c:/st/stm32cubeide_1.6.0/stm32cubeide/plugins/com.st.stm32cube.ide.mcu.externaltools.gnu-tools-for-stm32.9-2020-q2-update.win32_1.5.0.202011040924/tools/bin/../lib/gcc/arm-none-eabi/9.3.1/../../../../arm-none-eabi/lib/thumb/v7e-m+fp/hard/crt0.o
LOAD Core/Src/main.o
LOAD Core/Src/stm32f4xx_hal_msp.o
LOAD Core/Src/stm32f4xx_it.o
LOAD Core/Src/syscalls.o
LOAD Core/Src/sysmem.o
LOAD Core/Src/system_stm32f4xx.o
LOAD Core/Startup/startup_stm32f446retx.o
LOAD Drivers/STM32F4xx_HAL_Driver/Src/stm32f4xx_hal.o
LOAD Drivers/STM32F4xx_HAL_Driver/Src/stm32f4xx_hal_cortex.o
LOAD Drivers/STM32F4xx_HAL_Driver/Src/stm32f4xx_hal_dma.o
LOAD Drivers/STM32F4xx_HAL_Driver/Src/stm32f4xx_hal_dma_ex.o
LOAD Drivers/STM32F4xx_HAL_Driver/Src/stm32f4xx_hal_exti.o
LOAD Drivers/STM32F4xx_HAL_Driver/Src/stm32f4xx_hal_flash.o
LOAD Drivers/STM32F4xx_HAL_Driver/Src/stm32f4xx_hal_flash_ex.o
LOAD Drivers/STM32F4xx_HAL_Driver/Src/stm32f4xx_hal_flash_ramfunc.o
LOAD Drivers/STM32F4xx_HAL_Driver/Src/stm32f4xx_hal_gpio.o
LOAD Drivers/STM32F4xx_HAL_Driver/Src/stm32f4xx_hal_pwr.o
LOAD Drivers/STM32F4xx_HAL_Driver/Src/stm32f4xx_hal_pwr_ex.o
LOAD Drivers/STM32F4xx_HAL_Driver/Src/stm32f4xx_hal_rcc.o
LOAD Drivers/STM32F4xx_HAL_Driver/Src/stm32f4xx_hal_rcc_ex.o
LOAD Drivers/STM32F4xx_HAL_Driver/Src/stm32f4xx_hal_tim.o
LOAD Drivers/STM32F4xx_HAL_Driver/Src/stm32f4xx_hal_tim_ex.o
LOAD Drivers/STM32F4xx_HAL_Driver/Src/stm32f4xx_hal_uart.o
START GROUP
LOAD c:/st/stm32cubeide_1.6.0/stm32cubeide/plugins/com.st.stm32cube.ide.mcu.externaltools.gnu-tools-for-stm32.9-2020-q2-update.win32_1.5.0.202011040924/tools/bin/../lib/gcc/arm-none-eabi/9.3.1/../../../../arm-none-eabi/lib/thumb/v7e-m+fp/hard\libc_nano.a
LOAD c:/st/stm32cubeide_1.6.0/stm32cubeide/plugins/com.st.stm32cube.ide.mcu.externaltools.gnu-tools-for-stm32.9-2020-q2-update.win32_1.5.0.202011040924/tools/bin/../lib/gcc/arm-none-eabi/9.3.1/../../../../arm-none-eabi/lib/thumb/v7e-m+fp/hard\libm.a
END GROUP
START GROUP
LOAD c:/st/stm32cubeide_1.6.0/stm32cubeide/plugins/com.st.stm32cube.ide.mcu.externaltools.gnu-tools-for-stm32.9-2020-q2-update.win32_1.5.0.202011040924/tools/bin/../lib/gcc/arm-none-eabi/9.3.1/thumb/v7e-m+fp/hard\libgcc.a
LOAD c:/st/stm32cubeide_1.6.0/stm32cubeide/plugins/com.st.stm32cube.ide.mcu.externaltools.gnu-tools-for-stm32.9-2020-q2-update.win32_1.5.0.202011040924/tools/bin/../lib/gcc/arm-none-eabi/9.3.1/../../../../arm-none-eabi/lib/thumb/v7e-m+fp/hard\libc_nano.a
END GROUP
START GROUP
LOAD c:/st/stm32cubeide_1.6.0/stm32cubeide/plugins/com.st.stm32cube.ide.mcu.externaltools.gnu-tools-for-stm32.9-2020-q2-update.win32_1.5.0.202011040924/tools/bin/../lib/gcc/arm-none-eabi/9.3.1/thumb/v7e-m+fp/hard\libgcc.a
LOAD c:/st/stm32cubeide_1.6.0/stm32cubeide/plugins/com.st.stm32cube.ide.mcu.externaltools.gnu-tools-for-stm32.9-2020-q2-update.win32_1.5.0.202011040924/tools/bin/../lib/gcc/arm-none-eabi/9.3.1/../../../../arm-none-eabi/lib/thumb/v7e-m+fp/hard\libc_nano.a
LOAD c:/st/stm32cubeide_1.6.0/stm32cubeide/plugins/com.st.stm32cube.ide.mcu.externaltools.gnu-tools-for-stm32.9-2020-q2-update.win32_1.5.0.202011040924/tools/bin/../lib/gcc/arm-none-eabi/9.3.1/../../../../arm-none-eabi/lib/thumb/v7e-m+fp/hard\libnosys.a
END GROUP
START GROUP
LOAD c:/st/stm32cubeide_1.6.0/stm32cubeide/plugins/com.st.stm32cube.ide.mcu.externaltools.gnu-tools-for-stm32.9-2020-q2-update.win32_1.5.0.202011040924/tools/bin/../lib/gcc/arm-none-eabi/9.3.1/thumb/v7e-m+fp/hard\libgcc.a
LOAD c:/st/stm32cubeide_1.6.0/stm32cubeide/plugins/com.st.stm32cube.ide.mcu.externaltools.gnu-tools-for-stm32.9-2020-q2-update.win32_1.5.0.202011040924/tools/bin/../lib/gcc/arm-none-eabi/9.3.1/../../../../arm-none-eabi/lib/thumb/v7e-m+fp/hard\libc_nano.a
LOAD c:/st/stm32cubeide_1.6.0/stm32cubeide/plugins/com.st.stm32cube.ide.mcu.externaltools.gnu-tools-for-stm32.9-2020-q2-update.win32_1.5.0.202011040924/tools/bin/../lib/gcc/arm-none-eabi/9.3.1/../../../../arm-none-eabi/lib/thumb/v7e-m+fp/hard\libnosys.a
END GROUP
LOAD c:/st/stm32cubeide_1.6.0/stm32cubeide/plugins/com.st.stm32cube.ide.mcu.externaltools.gnu-tools-for-stm32.9-2020-q2-update.win32_1.5.0.202011040924/tools/bin/../lib/gcc/arm-none-eabi/9.3.1/thumb/v7e-m+fp/hard/crtend.o
LOAD c:/st/stm32cubeide_1.6.0/stm32cubeide/plugins/com.st.stm32cube.ide.mcu.externaltools.gnu-tools-for-stm32.9-2020-q2-update.win32_1.5.0.202011040924/tools/bin/../lib/gcc/arm-none-eabi/9.3.1/thumb/v7e-m+fp/hard/crtn.o
                0x0000000020020000                _estack = (ORIGIN (RAM) + LENGTH (RAM))
                0x0000000000000200                _Min_Heap_Size = 0x200
                0x0000000000000400                _Min_Stack_Size = 0x400

.isr_vector     0x0000000008000000      0x1c4
                0x0000000008000000                . = ALIGN (0x4)
 *(.isr_vector)
 .isr_vector    0x0000000008000000      0x1c4 Core/Startup/startup_stm32f446retx.o
                0x0000000008000000                g_pfnVectors
                0x00000000080001c4                . = ALIGN (0x4)

.text           0x00000000080001c4     0x49e8
                0x00000000080001c4                . = ALIGN (0x4)
 *(.text)
 .text          0x00000000080001c4       0x40 c:/st/stm32cubeide_1.6.0/stm32cubeide/plugins/com.st.stm32cube.ide.mcu.externaltools.gnu-tools-for-stm32.9-2020-q2-update.win32_1.5.0.202011040924/tools/bin/../lib/gcc/arm-none-eabi/9.3.1/thumb/v7e-m+fp/hard/crtbegin.o
 .text          0x0000000008000204       0x30 c:/st/stm32cubeide_1.6.0/stm32cubeide/plugins/com.st.stm32cube.ide.mcu.externaltools.gnu-tools-for-stm32.9-2020-q2-update.win32_1.5.0.202011040924/tools/bin/../lib/gcc/arm-none-eabi/9.3.1/thumb/v7e-m+fp/hard\libgcc.a(_aeabi_uldivmod.o)
                0x0000000008000204                __aeabi_uldivmod
 .text          0x0000000008000234      0x2c4 c:/st/stm32cubeide_1.6.0/stm32cubeide/plugins/com.st.stm32cube.ide.mcu.externaltools.gnu-tools-for-stm32.9-2020-q2-update.win32_1.5.0.202011040924/tools/bin/../lib/gcc/arm-none-eabi/9.3.1/thumb/v7e-m+fp/hard\libgcc.a(_udivmoddi4.o)
                0x0000000008000234                __udivmoddi4
 .text          0x00000000080004f8        0x4 c:/st/stm32cubeide_1.6.0/stm32cubeide/plugins/com.st.stm32cube.ide.mcu.externaltools.gnu-tools-for-stm32.9-2020-q2-update.win32_1.5.0.202011040924/tools/bin/../lib/gcc/arm-none-eabi/9.3.1/thumb/v7e-m+fp/hard\libgcc.a(_dvmd_tls.o)
                0x00000000080004f8                __aeabi_idiv0
                0x00000000080004f8                __aeabi_ldiv0
 *(.text*)
 .text.main     0x00000000080004fc       0x58 Core/Src/main.o
                0x00000000080004fc                main
 .text.SystemClock_Config
                0x0000000008000554       0xe4 Core/Src/main.o
                0x0000000008000554                SystemClock_Config
 .text.MX_TIM2_Init
                0x0000000008000638       0xa8 Core/Src/main.o
 .text.MX_TIM3_Init
                0x00000000080006e0       0xec Core/Src/main.o
 .text.MX_TIM4_Init
                0x00000000080007cc       0xa8 Core/Src/main.o
 .text.MX_TIM7_Init
                0x0000000008000874       0x6c Core/Src/main.o
 .text.MX_USART2_UART_Init
                0x00000000080008e0       0x54 Core/Src/main.o
 .text.MX_DMA_Init
                0x0000000008000934       0x40 Core/Src/main.o
 .text.MX_GPIO_Init
                0x0000000008000974       0xa0 Core/Src/main.o
 .text.HAL_TIM_PeriodElapsedCallback
                0x0000000008000a14       0xf4 Core/Src/main.o
                0x0000000008000a14                HAL_TIM_PeriodElapsedCallback
 .text.rotare   0x0000000008000b08       0x58 Core/Src/main.o
                0x0000000008000b08                rotare
 .text.Error_Handler
                0x0000000008000b60        0xa Core/Src/main.o
                0x0000000008000b60                Error_Handler
 *fill*         0x0000000008000b6a        0x2 
 .text.HAL_MspInit
                0x0000000008000b6c       0x50 Core/Src/stm32f4xx_hal_msp.o
                0x0000000008000b6c                HAL_MspInit
 .text.HAL_TIM_Encoder_MspInit
                0x0000000008000bbc       0xf8 Core/Src/stm32f4xx_hal_msp.o
                0x0000000008000bbc                HAL_TIM_Encoder_MspInit
 .text.HAL_TIM_Base_MspInit
                0x0000000008000cb4       0x7c Core/Src/stm32f4xx_hal_msp.o
                0x0000000008000cb4                HAL_TIM_Base_MspInit
 .text.HAL_TIM_MspPostInit
                0x0000000008000d30       0x74 Core/Src/stm32f4xx_hal_msp.o
                0x0000000008000d30                HAL_TIM_MspPostInit
 .text.HAL_UART_MspInit
                0x0000000008000da4      0x104 Core/Src/stm32f4xx_hal_msp.o
                0x0000000008000da4                HAL_UART_MspInit
 .text.NMI_Handler
                0x0000000008000ea8        0x6 Core/Src/stm32f4xx_it.o
                0x0000000008000ea8                NMI_Handler
 .text.HardFault_Handler
                0x0000000008000eae        0x6 Core/Src/stm32f4xx_it.o
                0x0000000008000eae                HardFault_Handler
 .text.MemManage_Handler
                0x0000000008000eb4        0x6 Core/Src/stm32f4xx_it.o
                0x0000000008000eb4                MemManage_Handler
 .text.BusFault_Handler
                0x0000000008000eba        0x6 Core/Src/stm32f4xx_it.o
                0x0000000008000eba                BusFault_Handler
 .text.UsageFault_Handler
                0x0000000008000ec0        0x6 Core/Src/stm32f4xx_it.o
                0x0000000008000ec0                UsageFault_Handler
 .text.SVC_Handler
                0x0000000008000ec6        0xe Core/Src/stm32f4xx_it.o
                0x0000000008000ec6                SVC_Handler
 .text.DebugMon_Handler
                0x0000000008000ed4        0xe Core/Src/stm32f4xx_it.o
                0x0000000008000ed4                DebugMon_Handler
 .text.PendSV_Handler
                0x0000000008000ee2        0xe Core/Src/stm32f4xx_it.o
                0x0000000008000ee2                PendSV_Handler
 .text.SysTick_Handler
                0x0000000008000ef0        0xc Core/Src/stm32f4xx_it.o
                0x0000000008000ef0                SysTick_Handler
 .text.DMA1_Stream6_IRQHandler
                0x0000000008000efc       0x14 Core/Src/stm32f4xx_it.o
                0x0000000008000efc                DMA1_Stream6_IRQHandler
 .text.USART2_IRQHandler
                0x0000000008000f10       0x14 Core/Src/stm32f4xx_it.o
                0x0000000008000f10                USART2_IRQHandler
 .text.TIM7_IRQHandler
                0x0000000008000f24       0x14 Core/Src/stm32f4xx_it.o
                0x0000000008000f24                TIM7_IRQHandler
 .text.SystemInit
                0x0000000008000f38       0x24 Core/Src/system_stm32f4xx.o
                0x0000000008000f38                SystemInit
 .text.Reset_Handler
                0x0000000008000f5c       0x50 Core/Startup/startup_stm32f446retx.o
                0x0000000008000f5c                Reset_Handler
 .text.Default_Handler
                0x0000000008000fac        0x2 Core/Startup/startup_stm32f446retx.o
                0x0000000008000fac                RTC_Alarm_IRQHandler
                0x0000000008000fac                EXTI2_IRQHandler
                0x0000000008000fac                TIM8_CC_IRQHandler
                0x0000000008000fac                FMPI2C1_EV_IRQHandler
                0x0000000008000fac                SPI4_IRQHandler
                0x0000000008000fac                TIM1_CC_IRQHandler
                0x0000000008000fac                DMA2_Stream5_IRQHandler
                0x0000000008000fac                DMA1_Stream5_IRQHandler
                0x0000000008000fac                PVD_IRQHandler
                0x0000000008000fac                SDIO_IRQHandler
                0x0000000008000fac                TAMP_STAMP_IRQHandler
                0x0000000008000fac                CAN2_RX1_IRQHandler
                0x0000000008000fac                EXTI3_IRQHandler
                0x0000000008000fac                TIM8_TRG_COM_TIM14_IRQHandler
                0x0000000008000fac                TIM1_UP_TIM10_IRQHandler
                0x0000000008000fac                TIM8_UP_TIM13_IRQHandler
                0x0000000008000fac                I2C3_ER_IRQHandler
                0x0000000008000fac                EXTI0_IRQHandler
                0x0000000008000fac                I2C2_EV_IRQHandler
                0x0000000008000fac                DMA1_Stream2_IRQHandler
                0x0000000008000fac                CAN1_RX0_IRQHandler
                0x0000000008000fac                FPU_IRQHandler
                0x0000000008000fac                OTG_HS_WKUP_IRQHandler
                0x0000000008000fac                CAN2_SCE_IRQHandler
                0x0000000008000fac                DMA2_Stream2_IRQHandler
                0x0000000008000fac                SPI1_IRQHandler
                0x0000000008000fac                TIM6_DAC_IRQHandler
                0x0000000008000fac                TIM1_BRK_TIM9_IRQHandler
                0x0000000008000fac                DCMI_IRQHandler
                0x0000000008000fac                CAN2_RX0_IRQHandler
                0x0000000008000fac                DMA2_Stream3_IRQHandler
                0x0000000008000fac                SAI2_IRQHandler
                0x0000000008000fac                USART6_IRQHandler
                0x0000000008000fac                USART3_IRQHandler
                0x0000000008000fac                CAN1_RX1_IRQHandler
                0x0000000008000fac                UART5_IRQHandler
                0x0000000008000fac                DMA2_Stream0_IRQHandler
                0x0000000008000fac                TIM4_IRQHandler
                0x0000000008000fac                QUADSPI_IRQHandler
                0x0000000008000fac                I2C1_EV_IRQHandler
                0x0000000008000fac                DMA1_Stream1_IRQHandler
                0x0000000008000fac                UART4_IRQHandler
                0x0000000008000fac                TIM3_IRQHandler
                0x0000000008000fac                RCC_IRQHandler
                0x0000000008000fac                TIM8_BRK_TIM12_IRQHandler
                0x0000000008000fac                Default_Handler
                0x0000000008000fac                CEC_IRQHandler
                0x0000000008000fac                EXTI15_10_IRQHandler
                0x0000000008000fac                ADC_IRQHandler
                0x0000000008000fac                DMA1_Stream7_IRQHandler
                0x0000000008000fac                CAN2_TX_IRQHandler
                0x0000000008000fac                TIM5_IRQHandler
                0x0000000008000fac                DMA2_Stream7_IRQHandler
                0x0000000008000fac                I2C3_EV_IRQHandler
                0x0000000008000fac                EXTI9_5_IRQHandler
                0x0000000008000fac                RTC_WKUP_IRQHandler
                0x0000000008000fac                SPDIF_RX_IRQHandler
                0x0000000008000fac                SPI2_IRQHandler
                0x0000000008000fac                OTG_HS_EP1_IN_IRQHandler
                0x0000000008000fac                DMA1_Stream0_IRQHandler
                0x0000000008000fac                CAN1_TX_IRQHandler
                0x0000000008000fac                FMPI2C1_ER_IRQHandler
                0x0000000008000fac                EXTI4_IRQHandler
                0x0000000008000fac                OTG_HS_EP1_OUT_IRQHandler
                0x0000000008000fac                WWDG_IRQHandler
                0x0000000008000fac                TIM2_IRQHandler
                0x0000000008000fac                OTG_FS_WKUP_IRQHandler
                0x0000000008000fac                TIM1_TRG_COM_TIM11_IRQHandler
                0x0000000008000fac                OTG_HS_IRQHandler
                0x0000000008000fac                EXTI1_IRQHandler
                0x0000000008000fac                I2C2_ER_IRQHandler
                0x0000000008000fac                DMA2_Stream1_IRQHandler
                0x0000000008000fac                CAN1_SCE_IRQHandler
                0x0000000008000fac                FLASH_IRQHandler
                0x0000000008000fac                DMA2_Stream4_IRQHandler
                0x0000000008000fac                USART1_IRQHandler
                0x0000000008000fac                OTG_FS_IRQHandler
                0x0000000008000fac                SPI3_IRQHandler
                0x0000000008000fac                DMA1_Stream4_IRQHandler
                0x0000000008000fac                I2C1_ER_IRQHandler
                0x0000000008000fac                FMC_IRQHandler
                0x0000000008000fac                DMA2_Stream6_IRQHandler
                0x0000000008000fac                SAI1_IRQHandler
                0x0000000008000fac                DMA1_Stream3_IRQHandler
 *fill*         0x0000000008000fae        0x2 
 .text.HAL_Init
                0x0000000008000fb0       0x44 Drivers/STM32F4xx_HAL_Driver/Src/stm32f4xx_hal.o
                0x0000000008000fb0                HAL_Init
 .text.HAL_InitTick
                0x0000000008000ff4       0x60 Drivers/STM32F4xx_HAL_Driver/Src/stm32f4xx_hal.o
                0x0000000008000ff4                HAL_InitTick
 .text.HAL_IncTick
                0x0000000008001054       0x28 Drivers/STM32F4xx_HAL_Driver/Src/stm32f4xx_hal.o
                0x0000000008001054                HAL_IncTick
 .text.HAL_GetTick
                0x000000000800107c       0x18 Drivers/STM32F4xx_HAL_Driver/Src/stm32f4xx_hal.o
                0x000000000800107c                HAL_GetTick
 .text.__NVIC_SetPriorityGrouping
                0x0000000008001094       0x48 Drivers/STM32F4xx_HAL_Driver/Src/stm32f4xx_hal_cortex.o
 .text.__NVIC_GetPriorityGrouping
                0x00000000080010dc       0x1c Drivers/STM32F4xx_HAL_Driver/Src/stm32f4xx_hal_cortex.o
 .text.__NVIC_EnableIRQ
                0x00000000080010f8       0x3c Drivers/STM32F4xx_HAL_Driver/Src/stm32f4xx_hal_cortex.o
 .text.__NVIC_SetPriority
                0x0000000008001134       0x54 Drivers/STM32F4xx_HAL_Driver/Src/stm32f4xx_hal_cortex.o
 .text.NVIC_EncodePriority
                0x0000000008001188       0x66 Drivers/STM32F4xx_HAL_Driver/Src/stm32f4xx_hal_cortex.o
 *fill*         0x00000000080011ee        0x2 
 .text.SysTick_Config
                0x00000000080011f0       0x44 Drivers/STM32F4xx_HAL_Driver/Src/stm32f4xx_hal_cortex.o
 .text.HAL_NVIC_SetPriorityGrouping
                0x0000000008001234       0x16 Drivers/STM32F4xx_HAL_Driver/Src/stm32f4xx_hal_cortex.o
                0x0000000008001234                HAL_NVIC_SetPriorityGrouping
 .text.HAL_NVIC_SetPriority
                0x000000000800124a       0x38 Drivers/STM32F4xx_HAL_Driver/Src/stm32f4xx_hal_cortex.o
                0x000000000800124a                HAL_NVIC_SetPriority
 .text.HAL_NVIC_EnableIRQ
                0x0000000008001282       0x1c Drivers/STM32F4xx_HAL_Driver/Src/stm32f4xx_hal_cortex.o
                0x0000000008001282                HAL_NVIC_EnableIRQ
 .text.HAL_SYSTICK_Config
                0x000000000800129e       0x18 Drivers/STM32F4xx_HAL_Driver/Src/stm32f4xx_hal_cortex.o
                0x000000000800129e                HAL_SYSTICK_Config
 *fill*         0x00000000080012b6        0x2 
 .text.HAL_DMA_Init
                0x00000000080012b8      0x15c Drivers/STM32F4xx_HAL_Driver/Src/stm32f4xx_hal_dma.o
                0x00000000080012b8                HAL_DMA_Init
 .text.HAL_DMA_Start_IT
                0x0000000008001414       0xb0 Drivers/STM32F4xx_HAL_Driver/Src/stm32f4xx_hal_dma.o
                0x0000000008001414                HAL_DMA_Start_IT
 .text.HAL_DMA_Abort
                0x00000000080014c4       0xe0 Drivers/STM32F4xx_HAL_Driver/Src/stm32f4xx_hal_dma.o
                0x00000000080014c4                HAL_DMA_Abort
 .text.HAL_DMA_Abort_IT
                0x00000000080015a4       0x44 Drivers/STM32F4xx_HAL_Driver/Src/stm32f4xx_hal_dma.o
                0x00000000080015a4                HAL_DMA_Abort_IT
 .text.HAL_DMA_IRQHandler
                0x00000000080015e8      0x314 Drivers/STM32F4xx_HAL_Driver/Src/stm32f4xx_hal_dma.o
                0x00000000080015e8                HAL_DMA_IRQHandler
 .text.DMA_SetConfig
                0x00000000080018fc       0x5c Drivers/STM32F4xx_HAL_Driver/Src/stm32f4xx_hal_dma.o
 .text.DMA_CalcBaseAndBitshift
                0x0000000008001958       0x6c Drivers/STM32F4xx_HAL_Driver/Src/stm32f4xx_hal_dma.o
 .text.DMA_CheckFifoParam
                0x00000000080019c4       0xf8 Drivers/STM32F4xx_HAL_Driver/Src/stm32f4xx_hal_dma.o
 .text.HAL_GPIO_Init
                0x0000000008001abc      0x328 Drivers/STM32F4xx_HAL_Driver/Src/stm32f4xx_hal_gpio.o
                0x0000000008001abc                HAL_GPIO_Init
 .text.HAL_GPIO_WritePin
                0x0000000008001de4       0x32 Drivers/STM32F4xx_HAL_Driver/Src/stm32f4xx_hal_gpio.o
                0x0000000008001de4                HAL_GPIO_WritePin
 *fill*         0x0000000008001e16        0x2 
 .text.HAL_PWREx_EnableOverDrive
                0x0000000008001e18       0xa0 Drivers/STM32F4xx_HAL_Driver/Src/stm32f4xx_hal_pwr_ex.o
                0x0000000008001e18                HAL_PWREx_EnableOverDrive
 .text.HAL_RCC_ClockConfig
                0x0000000008001eb8      0x1cc Drivers/STM32F4xx_HAL_Driver/Src/stm32f4xx_hal_rcc.o
                0x0000000008001eb8                HAL_RCC_ClockConfig
 .text.HAL_RCC_GetHCLKFreq
                0x0000000008002084       0x18 Drivers/STM32F4xx_HAL_Driver/Src/stm32f4xx_hal_rcc.o
                0x0000000008002084                HAL_RCC_GetHCLKFreq
 .text.HAL_RCC_GetPCLK1Freq
                0x000000000800209c       0x28 Drivers/STM32F4xx_HAL_Driver/Src/stm32f4xx_hal_rcc.o
                0x000000000800209c                HAL_RCC_GetPCLK1Freq
 .text.HAL_RCC_GetPCLK2Freq
                0x00000000080020c4       0x28 Drivers/STM32F4xx_HAL_Driver/Src/stm32f4xx_hal_rcc.o
                0x00000000080020c4                HAL_RCC_GetPCLK2Freq
 .text.HAL_RCC_GetSysClockFreq
                0x00000000080020ec      0x2b8 Drivers/STM32F4xx_HAL_Driver/Src/stm32f4xx_hal_rcc_ex.o
                0x00000000080020ec                HAL_RCC_GetSysClockFreq
 .text.HAL_RCC_OscConfig
                0x00000000080023a4      0x53c Drivers/STM32F4xx_HAL_Driver/Src/stm32f4xx_hal_rcc_ex.o
                0x00000000080023a4                HAL_RCC_OscConfig
 .text.HAL_TIM_Base_Init
                0x00000000080028e0       0x9e Drivers/STM32F4xx_HAL_Driver/Src/stm32f4xx_hal_tim.o
                0x00000000080028e0                HAL_TIM_Base_Init
 *fill*         0x000000000800297e        0x2 
 .text.HAL_TIM_Base_Start_IT
                0x0000000008002980       0xe0 Drivers/STM32F4xx_HAL_Driver/Src/stm32f4xx_hal_tim.o
                0x0000000008002980                HAL_TIM_Base_Start_IT
 .text.HAL_TIM_PWM_Init
                0x0000000008002a60       0x9e Drivers/STM32F4xx_HAL_Driver/Src/stm32f4xx_hal_tim.o
                0x0000000008002a60                HAL_TIM_PWM_Init
 .text.HAL_TIM_PWM_MspInit
                0x0000000008002afe       0x14 Drivers/STM32F4xx_HAL_Driver/Src/stm32f4xx_hal_tim.o
                0x0000000008002afe                HAL_TIM_PWM_MspInit
 *fill*         0x0000000008002b12        0x2 
 .text.HAL_TIM_PWM_Start
                0x0000000008002b14      0x190 Drivers/STM32F4xx_HAL_Driver/Src/stm32f4xx_hal_tim.o
                0x0000000008002b14                HAL_TIM_PWM_Start
 .text.HAL_TIM_Encoder_Init
                0x0000000008002ca4      0x14c Drivers/STM32F4xx_HAL_Driver/Src/stm32f4xx_hal_tim.o
                0x0000000008002ca4                HAL_TIM_Encoder_Init
 .text.HAL_TIM_Encoder_Start
                0x0000000008002df0      0x11c Drivers/STM32F4xx_HAL_Driver/Src/stm32f4xx_hal_tim.o
                0x0000000008002df0                HAL_TIM_Encoder_Start
 .text.HAL_TIM_IRQHandler
                0x0000000008002f0c      0x210 Drivers/STM32F4xx_HAL_Driver/Src/stm32f4xx_hal_tim.o
                0x0000000008002f0c                HAL_TIM_IRQHandler
 .text.HAL_TIM_PWM_ConfigChannel
                0x000000000800311c      0x184 Drivers/STM32F4xx_HAL_Driver/Src/stm32f4xx_hal_tim.o
                0x000000000800311c                HAL_TIM_PWM_ConfigChannel
 .text.HAL_TIM_ConfigClockSource
                0x00000000080032a0      0x18e Drivers/STM32F4xx_HAL_Driver/Src/stm32f4xx_hal_tim.o
                0x00000000080032a0                HAL_TIM_ConfigClockSource
 .text.HAL_TIM_OC_DelayElapsedCallback
                0x000000000800342e       0x14 Drivers/STM32F4xx_HAL_Driver/Src/stm32f4xx_hal_tim.o
                0x000000000800342e                HAL_TIM_OC_DelayElapsedCallback
 .text.HAL_TIM_IC_CaptureCallback
                0x0000000008003442       0x14 Drivers/STM32F4xx_HAL_Driver/Src/stm32f4xx_hal_tim.o
                0x0000000008003442                HAL_TIM_IC_CaptureCallback
 .text.HAL_TIM_PWM_PulseFinishedCallback
                0x0000000008003456       0x14 Drivers/STM32F4xx_HAL_Driver/Src/stm32f4xx_hal_tim.o
                0x0000000008003456                HAL_TIM_PWM_PulseFinishedCallback
 .text.HAL_TIM_TriggerCallback
                0x000000000800346a       0x14 Drivers/STM32F4xx_HAL_Driver/Src/stm32f4xx_hal_tim.o
                0x000000000800346a                HAL_TIM_TriggerCallback
 *fill*         0x000000000800347e        0x2 
 .text.TIM_Base_SetConfig
                0x0000000008003480      0x140 Drivers/STM32F4xx_HAL_Driver/Src/stm32f4xx_hal_tim.o
                0x0000000008003480                TIM_Base_SetConfig
 .text.TIM_OC1_SetConfig
                0x00000000080035c0       0xe0 Drivers/STM32F4xx_HAL_Driver/Src/stm32f4xx_hal_tim.o
 .text.TIM_OC2_SetConfig
                0x00000000080036a0       0xec Drivers/STM32F4xx_HAL_Driver/Src/stm32f4xx_hal_tim.o
                0x00000000080036a0                TIM_OC2_SetConfig
 .text.TIM_OC3_SetConfig
                0x000000000800378c       0xe8 Drivers/STM32F4xx_HAL_Driver/Src/stm32f4xx_hal_tim.o
 .text.TIM_OC4_SetConfig
                0x0000000008003874       0xac Drivers/STM32F4xx_HAL_Driver/Src/stm32f4xx_hal_tim.o
 .text.TIM_TI1_ConfigInputStage
                0x0000000008003920       0x5e Drivers/STM32F4xx_HAL_Driver/Src/stm32f4xx_hal_tim.o
 .text.TIM_TI2_ConfigInputStage
                0x000000000800397e       0x60 Drivers/STM32F4xx_HAL_Driver/Src/stm32f4xx_hal_tim.o
 .text.TIM_ITRx_SetConfig
                0x00000000080039de       0x36 Drivers/STM32F4xx_HAL_Driver/Src/stm32f4xx_hal_tim.o
 .text.TIM_ETR_SetConfig
                0x0000000008003a14       0x40 Drivers/STM32F4xx_HAL_Driver/Src/stm32f4xx_hal_tim.o
                0x0000000008003a14                TIM_ETR_SetConfig
 .text.TIM_CCxChannelCmd
                0x0000000008003a54       0x4a Drivers/STM32F4xx_HAL_Driver/Src/stm32f4xx_hal_tim.o
                0x0000000008003a54                TIM_CCxChannelCmd
 *fill*         0x0000000008003a9e        0x2 
 .text.HAL_TIMEx_MasterConfigSynchronization
                0x0000000008003aa0       0xf8 Drivers/STM32F4xx_HAL_Driver/Src/stm32f4xx_hal_tim_ex.o
                0x0000000008003aa0                HAL_TIMEx_MasterConfigSynchronization
 .text.HAL_TIMEx_CommutCallback
                0x0000000008003b98       0x14 Drivers/STM32F4xx_HAL_Driver/Src/stm32f4xx_hal_tim_ex.o
                0x0000000008003b98                HAL_TIMEx_CommutCallback
 .text.HAL_TIMEx_BreakCallback
                0x0000000008003bac       0x14 Drivers/STM32F4xx_HAL_Driver/Src/stm32f4xx_hal_tim_ex.o
                0x0000000008003bac                HAL_TIMEx_BreakCallback
 .text.HAL_UART_Init
                0x0000000008003bc0       0x9a Drivers/STM32F4xx_HAL_Driver/Src/stm32f4xx_hal_uart.o
                0x0000000008003bc0                HAL_UART_Init
 *fill*         0x0000000008003c5a        0x2 
 .text.HAL_UART_Transmit_DMA
                0x0000000008003c5c       0xfc Drivers/STM32F4xx_HAL_Driver/Src/stm32f4xx_hal_uart.o
                0x0000000008003c5c                HAL_UART_Transmit_DMA
 .text.HAL_UART_IRQHandler
                0x0000000008003d58      0x51c Drivers/STM32F4xx_HAL_Driver/Src/stm32f4xx_hal_uart.o
                0x0000000008003d58                HAL_UART_IRQHandler
 .text.HAL_UART_TxCpltCallback
                0x0000000008004274       0x14 Drivers/STM32F4xx_HAL_Driver/Src/stm32f4xx_hal_uart.o
                0x0000000008004274                HAL_UART_TxCpltCallback
 .text.HAL_UART_TxHalfCpltCallback
                0x0000000008004288       0x14 Drivers/STM32F4xx_HAL_Driver/Src/stm32f4xx_hal_uart.o
                0x0000000008004288                HAL_UART_TxHalfCpltCallback
 .text.HAL_UART_RxCpltCallback
                0x000000000800429c       0x14 Drivers/STM32F4xx_HAL_Driver/Src/stm32f4xx_hal_uart.o
                0x000000000800429c                HAL_UART_RxCpltCallback
 .text.HAL_UART_ErrorCallback
                0x00000000080042b0       0x14 Drivers/STM32F4xx_HAL_Driver/Src/stm32f4xx_hal_uart.o
                0x00000000080042b0                HAL_UART_ErrorCallback
 .text.HAL_UARTEx_RxEventCallback
                0x00000000080042c4       0x18 Drivers/STM32F4xx_HAL_Driver/Src/stm32f4xx_hal_uart.o
                0x00000000080042c4                HAL_UARTEx_RxEventCallback
 .text.UART_DMATransmitCplt
                0x00000000080042dc       0x9a Drivers/STM32F4xx_HAL_Driver/Src/stm32f4xx_hal_uart.o
 .text.UART_DMATxHalfCplt
                0x0000000008004376       0x1c Drivers/STM32F4xx_HAL_Driver/Src/stm32f4xx_hal_uart.o
 .text.UART_DMAError
                0x0000000008004392       0x94 Drivers/STM32F4xx_HAL_Driver/Src/stm32f4xx_hal_uart.o
 .text.UART_EndTxTransfer
                0x0000000008004426       0x50 Drivers/STM32F4xx_HAL_Driver/Src/stm32f4xx_hal_uart.o
 .text.UART_EndRxTransfer
                0x0000000008004476       0xc6 Drivers/STM32F4xx_HAL_Driver/Src/stm32f4xx_hal_uart.o
 .text.UART_DMAAbortOnError
                0x000000000800453c       0x28 Drivers/STM32F4xx_HAL_Driver/Src/stm32f4xx_hal_uart.o
 .text.UART_Transmit_IT
                0x0000000008004564       0xa0 Drivers/STM32F4xx_HAL_Driver/Src/stm32f4xx_hal_uart.o
 .text.UART_EndTransmit_IT
                0x0000000008004604       0x30 Drivers/STM32F4xx_HAL_Driver/Src/stm32f4xx_hal_uart.o
 .text.UART_Receive_IT
                0x0000000008004634      0x176 Drivers/STM32F4xx_HAL_Driver/Src/stm32f4xx_hal_uart.o
 *fill*         0x00000000080047aa        0x2 
 .text.UART_SetConfig
                0x00000000080047ac      0x390 Drivers/STM32F4xx_HAL_Driver/Src/stm32f4xx_hal_uart.o
 .text.__libc_init_array
                0x0000000008004b3c       0x48 c:/st/stm32cubeide_1.6.0/stm32cubeide/plugins/com.st.stm32cube.ide.mcu.externaltools.gnu-tools-for-stm32.9-2020-q2-update.win32_1.5.0.202011040924/tools/bin/../lib/gcc/arm-none-eabi/9.3.1/../../../../arm-none-eabi/lib/thumb/v7e-m+fp/hard\libc_nano.a(lib_a-init.o)
                0x0000000008004b3c                __libc_init_array
 .text.memset   0x0000000008004b84       0x10 c:/st/stm32cubeide_1.6.0/stm32cubeide/plugins/com.st.stm32cube.ide.mcu.externaltools.gnu-tools-for-stm32.9-2020-q2-update.win32_1.5.0.202011040924/tools/bin/../lib/gcc/arm-none-eabi/9.3.1/../../../../arm-none-eabi/lib/thumb/v7e-m+fp/hard\libc_nano.a(lib_a-memset.o)
                0x0000000008004b84                memset
 *(.glue_7)
 .glue_7        0x0000000008004b94        0x0 linker stubs
 *(.glue_7t)
 .glue_7t       0x0000000008004b94        0x0 linker stubs
 *(.eh_frame)
 .eh_frame      0x0000000008004b94        0x0 c:/st/stm32cubeide_1.6.0/stm32cubeide/plugins/com.st.stm32cube.ide.mcu.externaltools.gnu-tools-for-stm32.9-2020-q2-update.win32_1.5.0.202011040924/tools/bin/../lib/gcc/arm-none-eabi/9.3.1/thumb/v7e-m+fp/hard/crtbegin.o
 *(.init)
 .init          0x0000000008004b94        0x4 c:/st/stm32cubeide_1.6.0/stm32cubeide/plugins/com.st.stm32cube.ide.mcu.externaltools.gnu-tools-for-stm32.9-2020-q2-update.win32_1.5.0.202011040924/tools/bin/../lib/gcc/arm-none-eabi/9.3.1/thumb/v7e-m+fp/hard/crti.o
                0x0000000008004b94                _init
 .init          0x0000000008004b98        0x8 c:/st/stm32cubeide_1.6.0/stm32cubeide/plugins/com.st.stm32cube.ide.mcu.externaltools.gnu-tools-for-stm32.9-2020-q2-update.win32_1.5.0.202011040924/tools/bin/../lib/gcc/arm-none-eabi/9.3.1/thumb/v7e-m+fp/hard/crtn.o
 *(.fini)
 .fini          0x0000000008004ba0        0x4 c:/st/stm32cubeide_1.6.0/stm32cubeide/plugins/com.st.stm32cube.ide.mcu.externaltools.gnu-tools-for-stm32.9-2020-q2-update.win32_1.5.0.202011040924/tools/bin/../lib/gcc/arm-none-eabi/9.3.1/thumb/v7e-m+fp/hard/crti.o
                0x0000000008004ba0                _fini
 .fini          0x0000000008004ba4        0x8 c:/st/stm32cubeide_1.6.0/stm32cubeide/plugins/com.st.stm32cube.ide.mcu.externaltools.gnu-tools-for-stm32.9-2020-q2-update.win32_1.5.0.202011040924/tools/bin/../lib/gcc/arm-none-eabi/9.3.1/thumb/v7e-m+fp/hard/crtn.o
                0x0000000008004bac                . = ALIGN (0x4)
                0x0000000008004bac                _etext = .

.vfp11_veneer   0x0000000008004bac        0x0
 .vfp11_veneer  0x0000000008004bac        0x0 linker stubs

.v4_bx          0x0000000008004bac        0x0
 .v4_bx         0x0000000008004bac        0x0 linker stubs

.iplt           0x0000000008004bac        0x0
 .iplt          0x0000000008004bac        0x0 c:/st/stm32cubeide_1.6.0/stm32cubeide/plugins/com.st.stm32cube.ide.mcu.externaltools.gnu-tools-for-stm32.9-2020-q2-update.win32_1.5.0.202011040924/tools/bin/../lib/gcc/arm-none-eabi/9.3.1/thumb/v7e-m+fp/hard/crtbegin.o

.rodata         0x0000000008004bac       0x20
                0x0000000008004bac                . = ALIGN (0x4)
 *(.rodata)
 *(.rodata*)
 .rodata.AHBPrescTable
                0x0000000008004bac       0x10 Core/Src/system_stm32f4xx.o
                0x0000000008004bac                AHBPrescTable
 .rodata.APBPrescTable
                0x0000000008004bbc        0x8 Core/Src/system_stm32f4xx.o
                0x0000000008004bbc                APBPrescTable
 .rodata.flagBitshiftOffset.8365
                0x0000000008004bc4        0x8 Drivers/STM32F4xx_HAL_Driver/Src/stm32f4xx_hal_dma.o
                0x0000000008004bcc                . = ALIGN (0x4)

.ARM.extab      0x0000000008004bcc        0x0
                0x0000000008004bcc                . = ALIGN (0x4)
 *(.ARM.extab* .gnu.linkonce.armextab.*)
                0x0000000008004bcc                . = ALIGN (0x4)

.ARM            0x0000000008004bcc        0x8
                0x0000000008004bcc                . = ALIGN (0x4)
                0x0000000008004bcc                __exidx_start = .
 *(.ARM.exidx*)
 .ARM.exidx     0x0000000008004bcc        0x8 c:/st/stm32cubeide_1.6.0/stm32cubeide/plugins/com.st.stm32cube.ide.mcu.externaltools.gnu-tools-for-stm32.9-2020-q2-update.win32_1.5.0.202011040924/tools/bin/../lib/gcc/arm-none-eabi/9.3.1/thumb/v7e-m+fp/hard\libgcc.a(_udivmoddi4.o)
                0x0000000008004bd4                __exidx_end = .
                0x0000000008004bd4                . = ALIGN (0x4)

.rel.dyn        0x0000000008004bd4        0x0
 .rel.iplt      0x0000000008004bd4        0x0 c:/st/stm32cubeide_1.6.0/stm32cubeide/plugins/com.st.stm32cube.ide.mcu.externaltools.gnu-tools-for-stm32.9-2020-q2-update.win32_1.5.0.202011040924/tools/bin/../lib/gcc/arm-none-eabi/9.3.1/thumb/v7e-m+fp/hard/crtbegin.o

.preinit_array  0x0000000008004bd4        0x0
                0x0000000008004bd4                . = ALIGN (0x4)
                0x0000000008004bd4                PROVIDE (__preinit_array_start = .)
 *(.preinit_array*)
                0x0000000008004bd4                PROVIDE (__preinit_array_end = .)
                0x0000000008004bd4                . = ALIGN (0x4)

.init_array     0x0000000008004bd4        0x4
                0x0000000008004bd4                . = ALIGN (0x4)
                0x0000000008004bd4                PROVIDE (__init_array_start = .)
 *(SORT_BY_NAME(.init_array.*))
 *(.init_array*)
 .init_array    0x0000000008004bd4        0x4 c:/st/stm32cubeide_1.6.0/stm32cubeide/plugins/com.st.stm32cube.ide.mcu.externaltools.gnu-tools-for-stm32.9-2020-q2-update.win32_1.5.0.202011040924/tools/bin/../lib/gcc/arm-none-eabi/9.3.1/thumb/v7e-m+fp/hard/crtbegin.o
                0x0000000008004bd8                PROVIDE (__init_array_end = .)
                0x0000000008004bd8                . = ALIGN (0x4)

.fini_array     0x0000000008004bd8        0x4
                0x0000000008004bd8                . = ALIGN (0x4)
                [!provide]                        PROVIDE (__fini_array_start = .)
 *(SORT_BY_NAME(.fini_array.*))
 *(.fini_array*)
 .fini_array    0x0000000008004bd8        0x4 c:/st/stm32cubeide_1.6.0/stm32cubeide/plugins/com.st.stm32cube.ide.mcu.externaltools.gnu-tools-for-stm32.9-2020-q2-update.win32_1.5.0.202011040924/tools/bin/../lib/gcc/arm-none-eabi/9.3.1/thumb/v7e-m+fp/hard/crtbegin.o
                [!provide]                        PROVIDE (__fini_array_end = .)
                0x0000000008004bdc                . = ALIGN (0x4)
                0x0000000008004bdc                _sidata = LOADADDR (.data)

.data           0x0000000020000000       0x10 load address 0x0000000008004bdc
                0x0000000020000000                . = ALIGN (0x4)
                0x0000000020000000                _sdata = .
 *(.data)
 *(.data*)
 .data.max_integral
                0x0000000020000000        0x4 Core/Src/main.o
                0x0000000020000000                max_integral
 .data.SystemCoreClock
                0x0000000020000004        0x4 Core/Src/system_stm32f4xx.o
                0x0000000020000004                SystemCoreClock
 .data.uwTickPrio
                0x0000000020000008        0x4 Drivers/STM32F4xx_HAL_Driver/Src/stm32f4xx_hal.o
                0x0000000020000008                uwTickPrio
 .data.uwTickFreq
                0x000000002000000c        0x1 Drivers/STM32F4xx_HAL_Driver/Src/stm32f4xx_hal.o
                0x000000002000000c                uwTickFreq
 *(.RamFunc)
 *(.RamFunc*)
                0x0000000020000010                . = ALIGN (0x4)
 *fill*         0x000000002000000d        0x3 
                0x0000000020000010                _edata = .

.igot.plt       0x0000000020000010        0x0 load address 0x0000000008004bec
 .igot.plt      0x0000000020000010        0x0 c:/st/stm32cubeide_1.6.0/stm32cubeide/plugins/com.st.stm32cube.ide.mcu.externaltools.gnu-tools-for-stm32.9-2020-q2-update.win32_1.5.0.202011040924/tools/bin/../lib/gcc/arm-none-eabi/9.3.1/thumb/v7e-m+fp/hard/crtbegin.o
                0x0000000020000010                . = ALIGN (0x4)

.bss            0x0000000020000010      0x200 load address 0x0000000008004bec
                0x0000000020000010                _sbss = .
                0x0000000020000010                __bss_start__ = _sbss
 *(.bss)
 .bss           0x0000000020000010       0x1c c:/st/stm32cubeide_1.6.0/stm32cubeide/plugins/com.st.stm32cube.ide.mcu.externaltools.gnu-tools-for-stm32.9-2020-q2-update.win32_1.5.0.202011040924/tools/bin/../lib/gcc/arm-none-eabi/9.3.1/thumb/v7e-m+fp/hard/crtbegin.o
 *(.bss*)
 .bss.last_mot  0x000000002000002c        0x4 Core/Src/main.o
                0x000000002000002c                last_mot
 .bss.integral  0x0000000020000030        0x4 Core/Src/main.o
                0x0000000020000030                integral
 *(COMMON)
 COMMON         0x0000000020000034      0x1d8 Core/Src/main.o
                0x0000000020000034                htim4
                0x000000002000007c                txData
                0x0000000020000090                htim3
                0x00000000200000d8                hdma_usart2_tx
                0x0000000020000138                htim2
                0x0000000020000180                huart2
                0x00000000200001c4                htim7
 COMMON         0x000000002000020c        0x4 Drivers/STM32F4xx_HAL_Driver/Src/stm32f4xx_hal.o
                0x000000002000020c                uwTick
                0x0000000020000210                . = ALIGN (0x4)
                0x0000000020000210                _ebss = .
                0x0000000020000210                __bss_end__ = _ebss

._user_heap_stack
                0x0000000020000210      0x600 load address 0x0000000008004bec
                0x0000000020000210                . = ALIGN (0x8)
                [!provide]                        PROVIDE (end = .)
                0x0000000020000210                PROVIDE (_end = .)
                0x0000000020000410                . = (. + _Min_Heap_Size)
 *fill*         0x0000000020000210      0x200 
                0x0000000020000810                . = (. + _Min_Stack_Size)
 *fill*         0x0000000020000410      0x400 
                0x0000000020000810                . = ALIGN (0x8)

/DISCARD/
 libc.a(*)
 libm.a(*)
 libgcc.a(*)

.ARM.attributes
                0x0000000000000000       0x30
 *(.ARM.attributes)
 .ARM.attributes
                0x0000000000000000       0x1e c:/st/stm32cubeide_1.6.0/stm32cubeide/plugins/com.st.stm32cube.ide.mcu.externaltools.gnu-tools-for-stm32.9-2020-q2-update.win32_1.5.0.202011040924/tools/bin/../lib/gcc/arm-none-eabi/9.3.1/thumb/v7e-m+fp/hard/crti.o
 .ARM.attributes
                0x000000000000001e       0x34 c:/st/stm32cubeide_1.6.0/stm32cubeide/plugins/com.st.stm32cube.ide.mcu.externaltools.gnu-tools-for-stm32.9-2020-q2-update.win32_1.5.0.202011040924/tools/bin/../lib/gcc/arm-none-eabi/9.3.1/thumb/v7e-m+fp/hard/crtbegin.o
 .ARM.attributes
                0x0000000000000052       0x34 Core/Src/main.o
 .ARM.attributes
                0x0000000000000086       0x34 Core/Src/stm32f4xx_hal_msp.o
 .ARM.attributes
                0x00000000000000ba       0x34 Core/Src/stm32f4xx_it.o
 .ARM.attributes
                0x00000000000000ee       0x34 Core/Src/system_stm32f4xx.o
 .ARM.attributes
                0x0000000000000122       0x21 Core/Startup/startup_stm32f446retx.o
 .ARM.attributes
                0x0000000000000143       0x34 Drivers/STM32F4xx_HAL_Driver/Src/stm32f4xx_hal.o
 .ARM.attributes
                0x0000000000000177       0x34 Drivers/STM32F4xx_HAL_Driver/Src/stm32f4xx_hal_cortex.o
 .ARM.attributes
                0x00000000000001ab       0x34 Drivers/STM32F4xx_HAL_Driver/Src/stm32f4xx_hal_dma.o
 .ARM.attributes
                0x00000000000001df       0x34 Drivers/STM32F4xx_HAL_Driver/Src/stm32f4xx_hal_gpio.o
 .ARM.attributes
                0x0000000000000213       0x34 Drivers/STM32F4xx_HAL_Driver/Src/stm32f4xx_hal_pwr_ex.o
 .ARM.attributes
                0x0000000000000247       0x34 Drivers/STM32F4xx_HAL_Driver/Src/stm32f4xx_hal_rcc.o
 .ARM.attributes
                0x000000000000027b       0x34 Drivers/STM32F4xx_HAL_Driver/Src/stm32f4xx_hal_rcc_ex.o
 .ARM.attributes
                0x00000000000002af       0x34 Drivers/STM32F4xx_HAL_Driver/Src/stm32f4xx_hal_tim.o
 .ARM.attributes
                0x00000000000002e3       0x34 Drivers/STM32F4xx_HAL_Driver/Src/stm32f4xx_hal_tim_ex.o
 .ARM.attributes
                0x0000000000000317       0x34 Drivers/STM32F4xx_HAL_Driver/Src/stm32f4xx_hal_uart.o
 .ARM.attributes
                0x000000000000034b       0x34 c:/st/stm32cubeide_1.6.0/stm32cubeide/plugins/com.st.stm32cube.ide.mcu.externaltools.gnu-tools-for-stm32.9-2020-q2-update.win32_1.5.0.202011040924/tools/bin/../lib/gcc/arm-none-eabi/9.3.1/../../../../arm-none-eabi/lib/thumb/v7e-m+fp/hard\libc_nano.a(lib_a-init.o)
 .ARM.attributes
                0x000000000000037f       0x34 c:/st/stm32cubeide_1.6.0/stm32cubeide/plugins/com.st.stm32cube.ide.mcu.externaltools.gnu-tools-for-stm32.9-2020-q2-update.win32_1.5.0.202011040924/tools/bin/../lib/gcc/arm-none-eabi/9.3.1/../../../../arm-none-eabi/lib/thumb/v7e-m+fp/hard\libc_nano.a(lib_a-memset.o)
 .ARM.attributes
                0x00000000000003b3       0x1e c:/st/stm32cubeide_1.6.0/stm32cubeide/plugins/com.st.stm32cube.ide.mcu.externaltools.gnu-tools-for-stm32.9-2020-q2-update.win32_1.5.0.202011040924/tools/bin/../lib/gcc/arm-none-eabi/9.3.1/thumb/v7e-m+fp/hard\libgcc.a(_aeabi_uldivmod.o)
 .ARM.attributes
                0x00000000000003d1       0x34 c:/st/stm32cubeide_1.6.0/stm32cubeide/plugins/com.st.stm32cube.ide.mcu.externaltools.gnu-tools-for-stm32.9-2020-q2-update.win32_1.5.0.202011040924/tools/bin/../lib/gcc/arm-none-eabi/9.3.1/thumb/v7e-m+fp/hard\libgcc.a(_udivmoddi4.o)
 .ARM.attributes
                0x0000000000000405       0x1e c:/st/stm32cubeide_1.6.0/stm32cubeide/plugins/com.st.stm32cube.ide.mcu.externaltools.gnu-tools-for-stm32.9-2020-q2-update.win32_1.5.0.202011040924/tools/bin/../lib/gcc/arm-none-eabi/9.3.1/thumb/v7e-m+fp/hard\libgcc.a(_dvmd_tls.o)
 .ARM.attributes
                0x0000000000000423       0x1e c:/st/stm32cubeide_1.6.0/stm32cubeide/plugins/com.st.stm32cube.ide.mcu.externaltools.gnu-tools-for-stm32.9-2020-q2-update.win32_1.5.0.202011040924/tools/bin/../lib/gcc/arm-none-eabi/9.3.1/thumb/v7e-m+fp/hard/crtn.o
OUTPUT(lLb5.elf elf32-littlearm)
LOAD linker stubs
LOAD c:/st/stm32cubeide_1.6.0/stm32cubeide/plugins/com.st.stm32cube.ide.mcu.externaltools.gnu-tools-for-stm32.9-2020-q2-update.win32_1.5.0.202011040924/tools/bin/../lib/gcc/arm-none-eabi/9.3.1/../../../../arm-none-eabi/lib/thumb/v7e-m+fp/hard\libc.a
LOAD c:/st/stm32cubeide_1.6.0/stm32cubeide/plugins/com.st.stm32cube.ide.mcu.externaltools.gnu-tools-for-stm32.9-2020-q2-update.win32_1.5.0.202011040924/tools/bin/../lib/gcc/arm-none-eabi/9.3.1/../../../../arm-none-eabi/lib/thumb/v7e-m+fp/hard\libm.a
LOAD c:/st/stm32cubeide_1.6.0/stm32cubeide/plugins/com.st.stm32cube.ide.mcu.externaltools.gnu-tools-for-stm32.9-2020-q2-update.win32_1.5.0.202011040924/tools/bin/../lib/gcc/arm-none-eabi/9.3.1/thumb/v7e-m+fp/hard\libgcc.a

.debug_info     0x0000000000000000     0xf3b3
 .debug_info    0x0000000000000000     0x1645 Core/Src/main.o
 .debug_info    0x0000000000001645     0x1196 Core/Src/stm32f4xx_hal_msp.o
 .debug_info    0x00000000000027db      0xa8d Core/Src/stm32f4xx_it.o
 .debug_info    0x0000000000003268      0x5dc Core/Src/system_stm32f4xx.o
 .debug_info    0x0000000000003844       0x22 Core/Startup/startup_stm32f446retx.o
 .debug_info    0x0000000000003866      0xa08 Drivers/STM32F4xx_HAL_Driver/Src/stm32f4xx_hal.o
 .debug_info    0x000000000000426e      0xef5 Drivers/STM32F4xx_HAL_Driver/Src/stm32f4xx_hal_cortex.o
 .debug_info    0x0000000000005163      0x9f1 Drivers/STM32F4xx_HAL_Driver/Src/stm32f4xx_hal_dma.o
 .debug_info    0x0000000000005b54      0x892 Drivers/STM32F4xx_HAL_Driver/Src/stm32f4xx_hal_gpio.o
 .debug_info    0x00000000000063e6      0x7ca Drivers/STM32F4xx_HAL_Driver/Src/stm32f4xx_hal_pwr_ex.o
 .debug_info    0x0000000000006bb0      0x9db Drivers/STM32F4xx_HAL_Driver/Src/stm32f4xx_hal_rcc.o
 .debug_info    0x000000000000758b      0xa86 Drivers/STM32F4xx_HAL_Driver/Src/stm32f4xx_hal_rcc_ex.o
 .debug_info    0x0000000000008011     0x2c22 Drivers/STM32F4xx_HAL_Driver/Src/stm32f4xx_hal_tim.o
 .debug_info    0x000000000000ac33     0x15a2 Drivers/STM32F4xx_HAL_Driver/Src/stm32f4xx_hal_tim_ex.o
 .debug_info    0x000000000000c1d5     0x31de Drivers/STM32F4xx_HAL_Driver/Src/stm32f4xx_hal_uart.o

.debug_abbrev   0x0000000000000000     0x1f07
 .debug_abbrev  0x0000000000000000      0x2e1 Core/Src/main.o
 .debug_abbrev  0x00000000000002e1      0x206 Core/Src/stm32f4xx_hal_msp.o
 .debug_abbrev  0x00000000000004e7      0x176 Core/Src/stm32f4xx_it.o
 .debug_abbrev  0x000000000000065d      0x145 Core/Src/system_stm32f4xx.o
 .debug_abbrev  0x00000000000007a2       0x12 Core/Startup/startup_stm32f446retx.o
 .debug_abbrev  0x00000000000007b4      0x1ed Drivers/STM32F4xx_HAL_Driver/Src/stm32f4xx_hal.o
 .debug_abbrev  0x00000000000009a1      0x33c Drivers/STM32F4xx_HAL_Driver/Src/stm32f4xx_hal_cortex.o
 .debug_abbrev  0x0000000000000cdd      0x259 Drivers/STM32F4xx_HAL_Driver/Src/stm32f4xx_hal_dma.o
 .debug_abbrev  0x0000000000000f36      0x1f1 Drivers/STM32F4xx_HAL_Driver/Src/stm32f4xx_hal_gpio.o
 .debug_abbrev  0x0000000000001127      0x1da Drivers/STM32F4xx_HAL_Driver/Src/stm32f4xx_hal_pwr_ex.o
 .debug_abbrev  0x0000000000001301      0x275 Drivers/STM32F4xx_HAL_Driver/Src/stm32f4xx_hal_rcc.o
 .debug_abbrev  0x0000000000001576      0x1e2 Drivers/STM32F4xx_HAL_Driver/Src/stm32f4xx_hal_rcc_ex.o
 .debug_abbrev  0x0000000000001758      0x25e Drivers/STM32F4xx_HAL_Driver/Src/stm32f4xx_hal_tim.o
 .debug_abbrev  0x00000000000019b6      0x266 Drivers/STM32F4xx_HAL_Driver/Src/stm32f4xx_hal_tim_ex.o
 .debug_abbrev  0x0000000000001c1c      0x2eb Drivers/STM32F4xx_HAL_Driver/Src/stm32f4xx_hal_uart.o

.debug_aranges  0x0000000000000000      0xd20
 .debug_aranges
                0x0000000000000000       0x78 Core/Src/main.o
 .debug_aranges
                0x0000000000000078       0x58 Core/Src/stm32f4xx_hal_msp.o
 .debug_aranges
                0x00000000000000d0       0x78 Core/Src/stm32f4xx_it.o
 .debug_aranges
                0x0000000000000148       0x28 Core/Src/system_stm32f4xx.o
 .debug_aranges
                0x0000000000000170       0x28 Core/Startup/startup_stm32f446retx.o
 .debug_aranges
                0x0000000000000198       0xf0 Drivers/STM32F4xx_HAL_Driver/Src/stm32f4xx_hal.o
 .debug_aranges
                0x0000000000000288      0x118 Drivers/STM32F4xx_HAL_Driver/Src/stm32f4xx_hal_cortex.o
 .debug_aranges
                0x00000000000003a0       0x90 Drivers/STM32F4xx_HAL_Driver/Src/stm32f4xx_hal_dma.o
 .debug_aranges
                0x0000000000000430       0x58 Drivers/STM32F4xx_HAL_Driver/Src/stm32f4xx_hal_gpio.o
 .debug_aranges
                0x0000000000000488       0x60 Drivers/STM32F4xx_HAL_Driver/Src/stm32f4xx_hal_pwr_ex.o
 .debug_aranges
                0x00000000000004e8       0x88 Drivers/STM32F4xx_HAL_Driver/Src/stm32f4xx_hal_rcc.o
 .debug_aranges
                0x0000000000000570       0x78 Drivers/STM32F4xx_HAL_Driver/Src/stm32f4xx_hal_rcc_ex.o
 .debug_aranges
                0x00000000000005e8      0x3d0 Drivers/STM32F4xx_HAL_Driver/Src/stm32f4xx_hal_tim.o
 .debug_aranges
                0x00000000000009b8      0x168 Drivers/STM32F4xx_HAL_Driver/Src/stm32f4xx_hal_tim_ex.o
 .debug_aranges
                0x0000000000000b20      0x200 Drivers/STM32F4xx_HAL_Driver/Src/stm32f4xx_hal_uart.o

.debug_ranges   0x0000000000000000      0xc68
 .debug_ranges  0x0000000000000000       0x68 Core/Src/main.o
 .debug_ranges  0x0000000000000068       0x48 Core/Src/stm32f4xx_hal_msp.o
 .debug_ranges  0x00000000000000b0       0x68 Core/Src/stm32f4xx_it.o
 .debug_ranges  0x0000000000000118       0x18 Core/Src/system_stm32f4xx.o
 .debug_ranges  0x0000000000000130       0x20 Core/Startup/startup_stm32f446retx.o
 .debug_ranges  0x0000000000000150       0xe0 Drivers/STM32F4xx_HAL_Driver/Src/stm32f4xx_hal.o
 .debug_ranges  0x0000000000000230      0x108 Drivers/STM32F4xx_HAL_Driver/Src/stm32f4xx_hal_cortex.o
 .debug_ranges  0x0000000000000338       0x80 Drivers/STM32F4xx_HAL_Driver/Src/stm32f4xx_hal_dma.o
 .debug_ranges  0x00000000000003b8       0x48 Drivers/STM32F4xx_HAL_Driver/Src/stm32f4xx_hal_gpio.o
 .debug_ranges  0x0000000000000400       0x50 Drivers/STM32F4xx_HAL_Driver/Src/stm32f4xx_hal_pwr_ex.o
 .debug_ranges  0x0000000000000450       0x78 Drivers/STM32F4xx_HAL_Driver/Src/stm32f4xx_hal_rcc.o
 .debug_ranges  0x00000000000004c8       0x68 Drivers/STM32F4xx_HAL_Driver/Src/stm32f4xx_hal_rcc_ex.o
 .debug_ranges  0x0000000000000530      0x3c0 Drivers/STM32F4xx_HAL_Driver/Src/stm32f4xx_hal_tim.o
 .debug_ranges  0x00000000000008f0      0x158 Drivers/STM32F4xx_HAL_Driver/Src/stm32f4xx_hal_tim_ex.o
 .debug_ranges  0x0000000000000a48      0x220 Drivers/STM32F4xx_HAL_Driver/Src/stm32f4xx_hal_uart.o

.debug_macro    0x0000000000000000    0x21223
 .debug_macro   0x0000000000000000      0x1d8 Core/Src/main.o
 .debug_macro   0x00000000000001d8      0xaa8 Core/Src/main.o
 .debug_macro   0x0000000000000c80      0x29b Core/Src/main.o
 .debug_macro   0x0000000000000f1b       0x2e Core/Src/main.o
 .debug_macro   0x0000000000000f49       0x28 Core/Src/main.o
 .debug_macro   0x0000000000000f71       0x22 Core/Src/main.o
 .debug_macro   0x0000000000000f93       0x8e Core/Src/main.o
 .debug_macro   0x0000000000001021       0x51 Core/Src/main.o
 .debug_macro   0x0000000000001072      0x103 Core/Src/main.o
 .debug_macro   0x0000000000001175       0x6a Core/Src/main.o
 .debug_macro   0x00000000000011df      0x1df Core/Src/main.o
 .debug_macro   0x00000000000013be       0x1c Core/Src/main.o
 .debug_macro   0x00000000000013da       0x22 Core/Src/main.o
 .debug_macro   0x00000000000013fc       0xdf Core/Src/main.o
 .debug_macro   0x00000000000014db     0x102d Core/Src/main.o
 .debug_macro   0x0000000000002508      0x11f Core/Src/main.o
 .debug_macro   0x0000000000002627    0x16749 Core/Src/main.o
 .debug_macro   0x0000000000018d70       0x6d Core/Src/main.o
 .debug_macro   0x0000000000018ddd     0x3666 Core/Src/main.o
 .debug_macro   0x000000000001c443      0x174 Core/Src/main.o
 .debug_macro   0x000000000001c5b7       0x5c Core/Src/main.o
 .debug_macro   0x000000000001c613      0xc90 Core/Src/main.o
 .debug_macro   0x000000000001d2a3      0x9fe Core/Src/main.o
 .debug_macro   0x000000000001dca1      0x116 Core/Src/main.o
 .debug_macro   0x000000000001ddb7      0x1a0 Core/Src/main.o
 .debug_macro   0x000000000001df57       0xa5 Core/Src/main.o
 .debug_macro   0x000000000001dffc      0x16d Core/Src/main.o
 .debug_macro   0x000000000001e169      0x287 Core/Src/main.o
 .debug_macro   0x000000000001e3f0       0x5f Core/Src/main.o
 .debug_macro   0x000000000001e44f      0x236 Core/Src/main.o
 .debug_macro   0x000000000001e685      0x132 Core/Src/main.o
 .debug_macro   0x000000000001e7b7      0x29c Core/Src/main.o
 .debug_macro   0x000000000001ea53       0x2e Core/Src/main.o
 .debug_macro   0x000000000001ea81      0x11a Core/Src/main.o
 .debug_macro   0x000000000001eb9b       0xe8 Core/Src/main.o
 .debug_macro   0x000000000001ec83       0x89 Core/Src/main.o
 .debug_macro   0x000000000001ed0c      0x8d1 Core/Src/main.o
 .debug_macro   0x000000000001f5dd       0x4d Core/Src/main.o
 .debug_macro   0x000000000001f62a      0x295 Core/Src/main.o
 .debug_macro   0x000000000001f8bf      0x126 Core/Src/main.o
 .debug_macro   0x000000000001f9e5      0x1d8 Core/Src/stm32f4xx_hal_msp.o
 .debug_macro   0x000000000001fbbd      0x1e2 Core/Src/stm32f4xx_it.o
 .debug_macro   0x000000000001fd9f      0x1ce Core/Src/system_stm32f4xx.o
 .debug_macro   0x000000000001ff6d      0x22e Drivers/STM32F4xx_HAL_Driver/Src/stm32f4xx_hal.o
 .debug_macro   0x000000000002019b      0x1ce Drivers/STM32F4xx_HAL_Driver/Src/stm32f4xx_hal_cortex.o
 .debug_macro   0x0000000000020369      0x1d4 Drivers/STM32F4xx_HAL_Driver/Src/stm32f4xx_hal_dma.o
 .debug_macro   0x000000000002053d      0x1d4 Drivers/STM32F4xx_HAL_Driver/Src/stm32f4xx_hal_gpio.o
 .debug_macro   0x0000000000020711      0x1e6 Drivers/STM32F4xx_HAL_Driver/Src/stm32f4xx_hal_pwr_ex.o
 .debug_macro   0x00000000000208f7      0x1f2 Drivers/STM32F4xx_HAL_Driver/Src/stm32f4xx_hal_rcc.o
 .debug_macro   0x0000000000020ae9      0x1ce Drivers/STM32F4xx_HAL_Driver/Src/stm32f4xx_hal_rcc_ex.o
 .debug_macro   0x0000000000020cb7      0x1cf Drivers/STM32F4xx_HAL_Driver/Src/stm32f4xx_hal_tim.o
 .debug_macro   0x0000000000020e86      0x1ce Drivers/STM32F4xx_HAL_Driver/Src/stm32f4xx_hal_tim_ex.o
 .debug_macro   0x0000000000021054      0x1cf Drivers/STM32F4xx_HAL_Driver/Src/stm32f4xx_hal_uart.o

.debug_line     0x0000000000000000     0xf62b
 .debug_line    0x0000000000000000      0x9ca Core/Src/main.o
 .debug_line    0x00000000000009ca      0x847 Core/Src/stm32f4xx_hal_msp.o
 .debug_line    0x0000000000001211      0x7d1 Core/Src/stm32f4xx_it.o
 .debug_line    0x00000000000019e2      0x748 Core/Src/system_stm32f4xx.o
 .debug_line    0x000000000000212a       0x88 Core/Startup/startup_stm32f446retx.o
 .debug_line    0x00000000000021b2      0x9ae Drivers/STM32F4xx_HAL_Driver/Src/stm32f4xx_hal.o
 .debug_line    0x0000000000002b60      0xc5d Drivers/STM32F4xx_HAL_Driver/Src/stm32f4xx_hal_cortex.o
 .debug_line    0x00000000000037bd      0xf13 Drivers/STM32F4xx_HAL_Driver/Src/stm32f4xx_hal_dma.o
 .debug_line    0x00000000000046d0      0xb10 Drivers/STM32F4xx_HAL_Driver/Src/stm32f4xx_hal_gpio.o
 .debug_line    0x00000000000051e0      0x8dd Drivers/STM32F4xx_HAL_Driver/Src/stm32f4xx_hal_pwr_ex.o
 .debug_line    0x0000000000005abd      0xd34 Drivers/STM32F4xx_HAL_Driver/Src/stm32f4xx_hal_rcc.o
 .debug_line    0x00000000000067f1     0x13b8 Drivers/STM32F4xx_HAL_Driver/Src/stm32f4xx_hal_rcc_ex.o
 .debug_line    0x0000000000007ba9     0x36a2 Drivers/STM32F4xx_HAL_Driver/Src/stm32f4xx_hal_tim.o
 .debug_line    0x000000000000b24b     0x19ab Drivers/STM32F4xx_HAL_Driver/Src/stm32f4xx_hal_tim_ex.o
 .debug_line    0x000000000000cbf6     0x2a35 Drivers/STM32F4xx_HAL_Driver/Src/stm32f4xx_hal_uart.o

.debug_str      0x0000000000000000    0xcccb0
 .debug_str     0x0000000000000000    0xc9e00 Core/Src/main.o
                                      0xca19e (size before relaxing)
 .debug_str     0x00000000000c9e00       0xdf Core/Src/stm32f4xx_hal_msp.o
                                      0xc9e2f (size before relaxing)
 .debug_str     0x00000000000c9edf       0xf7 Core/Src/stm32f4xx_it.o
                                      0xc976a (size before relaxing)
 .debug_str     0x00000000000c9fd6       0xaf Core/Src/system_stm32f4xx.o
                                      0xc9113 (size before relaxing)
 .debug_str     0x00000000000ca085       0x36 Core/Startup/startup_stm32f446retx.o
                                         0x49 (size before relaxing)
 .debug_str     0x00000000000ca0bb      0x58d Drivers/STM32F4xx_HAL_Driver/Src/stm32f4xx_hal.o
                                      0xc9c36 (size before relaxing)
 .debug_str     0x00000000000ca648      0x399 Drivers/STM32F4xx_HAL_Driver/Src/stm32f4xx_hal_cortex.o
                                      0xc9a00 (size before relaxing)
 .debug_str     0x00000000000ca9e1      0x323 Drivers/STM32F4xx_HAL_Driver/Src/stm32f4xx_hal_dma.o
                                      0xc9518 (size before relaxing)
 .debug_str     0x00000000000cad04      0x15f Drivers/STM32F4xx_HAL_Driver/Src/stm32f4xx_hal_gpio.o
                                      0xc92ba (size before relaxing)
 .debug_str     0x00000000000cae63      0x135 Drivers/STM32F4xx_HAL_Driver/Src/stm32f4xx_hal_pwr_ex.o
                                      0xc930b (size before relaxing)
 .debug_str     0x00000000000caf98      0x259 Drivers/STM32F4xx_HAL_Driver/Src/stm32f4xx_hal_rcc.o
                                      0xc951a (size before relaxing)
 .debug_str     0x00000000000cb1f1      0x31c Drivers/STM32F4xx_HAL_Driver/Src/stm32f4xx_hal_rcc_ex.o
                                      0xc9577 (size before relaxing)
 .debug_str     0x00000000000cb50d      0xcaa Drivers/STM32F4xx_HAL_Driver/Src/stm32f4xx_hal_tim.o
                                      0xca41d (size before relaxing)
 .debug_str     0x00000000000cc1b7      0x4ee Drivers/STM32F4xx_HAL_Driver/Src/stm32f4xx_hal_tim_ex.o
                                      0xc9bce (size before relaxing)
 .debug_str     0x00000000000cc6a5      0x60b Drivers/STM32F4xx_HAL_Driver/Src/stm32f4xx_hal_uart.o
                                      0xc9a76 (size before relaxing)

.comment        0x0000000000000000       0x53
 .comment       0x0000000000000000       0x53 Core/Src/main.o
                                         0x54 (size before relaxing)
 .comment       0x0000000000000053       0x54 Core/Src/stm32f4xx_hal_msp.o
 .comment       0x0000000000000053       0x54 Core/Src/stm32f4xx_it.o
 .comment       0x0000000000000053       0x54 Core/Src/system_stm32f4xx.o
 .comment       0x0000000000000053       0x54 Drivers/STM32F4xx_HAL_Driver/Src/stm32f4xx_hal.o
 .comment       0x0000000000000053       0x54 Drivers/STM32F4xx_HAL_Driver/Src/stm32f4xx_hal_cortex.o
 .comment       0x0000000000000053       0x54 Drivers/STM32F4xx_HAL_Driver/Src/stm32f4xx_hal_dma.o
 .comment       0x0000000000000053       0x54 Drivers/STM32F4xx_HAL_Driver/Src/stm32f4xx_hal_gpio.o
 .comment       0x0000000000000053       0x54 Drivers/STM32F4xx_HAL_Driver/Src/stm32f4xx_hal_pwr_ex.o
 .comment       0x0000000000000053       0x54 Drivers/STM32F4xx_HAL_Driver/Src/stm32f4xx_hal_rcc.o
 .comment       0x0000000000000053       0x54 Drivers/STM32F4xx_HAL_Driver/Src/stm32f4xx_hal_rcc_ex.o
 .comment       0x0000000000000053       0x54 Drivers/STM32F4xx_HAL_Driver/Src/stm32f4xx_hal_tim.o
 .comment       0x0000000000000053       0x54 Drivers/STM32F4xx_HAL_Driver/Src/stm32f4xx_hal_tim_ex.o
 .comment       0x0000000000000053       0x54 Drivers/STM32F4xx_HAL_Driver/Src/stm32f4xx_hal_uart.o

.debug_frame    0x0000000000000000     0x3720
 .debug_frame   0x0000000000000000      0x1a4 Core/Src/main.o
 .debug_frame   0x00000000000001a4      0x134 Core/Src/stm32f4xx_hal_msp.o
 .debug_frame   0x00000000000002d8      0x158 Core/Src/stm32f4xx_it.o
 .debug_frame   0x0000000000000430       0x58 Core/Src/system_stm32f4xx.o
 .debug_frame   0x0000000000000488      0x374 Drivers/STM32F4xx_HAL_Driver/Src/stm32f4xx_hal.o
 .debug_frame   0x00000000000007fc      0x498 Drivers/STM32F4xx_HAL_Driver/Src/stm32f4xx_hal_cortex.o
 .debug_frame   0x0000000000000c94      0x250 Drivers/STM32F4xx_HAL_Driver/Src/stm32f4xx_hal_dma.o
 .debug_frame   0x0000000000000ee4      0x14c Drivers/STM32F4xx_HAL_Driver/Src/stm32f4xx_hal_gpio.o
 .debug_frame   0x0000000000001030      0x14c Drivers/STM32F4xx_HAL_Driver/Src/stm32f4xx_hal_pwr_ex.o
 .debug_frame   0x000000000000117c      0x1ec Drivers/STM32F4xx_HAL_Driver/Src/stm32f4xx_hal_rcc.o
 .debug_frame   0x0000000000001368      0x1e4 Drivers/STM32F4xx_HAL_Driver/Src/stm32f4xx_hal_rcc_ex.o
 .debug_frame   0x000000000000154c     0x11c4 Drivers/STM32F4xx_HAL_Driver/Src/stm32f4xx_hal_tim.o
 .debug_frame   0x0000000000002710      0x638 Drivers/STM32F4xx_HAL_Driver/Src/stm32f4xx_hal_tim_ex.o
 .debug_frame   0x0000000000002d48      0x92c Drivers/STM32F4xx_HAL_Driver/Src/stm32f4xx_hal_uart.o
 .debug_frame   0x0000000000003674       0x2c c:/st/stm32cubeide_1.6.0/stm32cubeide/plugins/com.st.stm32cube.ide.mcu.externaltools.gnu-tools-for-stm32.9-2020-q2-update.win32_1.5.0.202011040924/tools/bin/../lib/gcc/arm-none-eabi/9.3.1/../../../../arm-none-eabi/lib/thumb/v7e-m+fp/hard\libc_nano.a(lib_a-init.o)
 .debug_frame   0x00000000000036a0       0x20 c:/st/stm32cubeide_1.6.0/stm32cubeide/plugins/com.st.stm32cube.ide.mcu.externaltools.gnu-tools-for-stm32.9-2020-q2-update.win32_1.5.0.202011040924/tools/bin/../lib/gcc/arm-none-eabi/9.3.1/../../../../arm-none-eabi/lib/thumb/v7e-m+fp/hard\libc_nano.a(lib_a-memset.o)
 .debug_frame   0x00000000000036c0       0x2c c:/st/stm32cubeide_1.6.0/stm32cubeide/plugins/com.st.stm32cube.ide.mcu.externaltools.gnu-tools-for-stm32.9-2020-q2-update.win32_1.5.0.202011040924/tools/bin/../lib/gcc/arm-none-eabi/9.3.1/thumb/v7e-m+fp/hard\libgcc.a(_aeabi_uldivmod.o)
 .debug_frame   0x00000000000036ec       0x34 c:/st/stm32cubeide_1.6.0/stm32cubeide/plugins/com.st.stm32cube.ide.mcu.externaltools.gnu-tools-for-stm32.9-2020-q2-update.win32_1.5.0.202011040924/tools/bin/../lib/gcc/arm-none-eabi/9.3.1/thumb/v7e-m+fp/hard\libgcc.a(_udivmoddi4.o)
